// Jest Snapshot v1, https://goo.gl/fbAQLP

exports[`should render the list of cryptos 1`] = `
<DocumentFragment>
  <div>
    <div
      class="search-section"
      style="background-image: url(/img/bitcoin.png); background-position: 30% 50%; background-size: 250px 250px; background-repeat: no-repeat;"
    >
      <input
        placeholder="search"
        type="text"
      />
    </div>
    <p>
      loading
    </p>
  </div>
</DocumentFragment>
`;
